exports[`Card Renders a card 1`] = `
ShallowWrapper {
  "complexSelector": ComplexSelector {
    "buildPredicate": [Function],
    "childrenOfNode": [Function],
    "findWhereUnwrapped": [Function],
  },
  "length": 1,
  "node": <div
    className="col s12 m6 l4">
    <div
        className="card">
        <div
            className="card-image waves-effect waves-block waves-light"
            style={
                Object {
                    "alignItems": "center",
                    "justifyContent": "center",
                  }
            }>
            <img
                className="activator"
                src={undefined}
                style={
                    Object {
                        "flex": 1,
                        "height": 300,
                        "width": null,
                      }
                } />
        </div>
        <div
            className="card-content">
            <span
                className="card-title activator grey-text text-darken-4">
                <i
                    className="material-icons right">
                    more_vert
                </i>
            </span>
            <p>
                <a
                    href={undefined}
                    target="_blank" />
            </p>
        </div>
        <div
            className="card-reveal">
            <span
                className="card-title grey-text text-darken-4">
                Bio
                <i
                    className="material-icons right">
                    close
                </i>
            </span>
            <p />
        </div>
    </div>
</div>,
  "nodes": Array [
    <div
      className="col s12 m6 l4">
      <div
            className="card">
            <div
                  className="card-image waves-effect waves-block waves-light"
                  style={
                        Object {
                              "alignItems": "center",
                              "justifyContent": "center",
                            }
                  }>
                  <img
                        className="activator"
                        src={undefined}
                        style={
                              Object {
                                    "flex": 1,
                                    "height": 300,
                                    "width": null,
                                  }
                        } />
            </div>
            <div
                  className="card-content">
                  <span
                        className="card-title activator grey-text text-darken-4">
                        <i
                              className="material-icons right">
                              more_vert
                        </i>
                  </span>
                  <p>
                        <a
                              href={undefined}
                              target="_blank" />
                  </p>
            </div>
            <div
                  className="card-reveal">
                  <span
                        className="card-title grey-text text-darken-4">
                        Bio
                        <i
                              className="material-icons right">
                              close
                        </i>
                  </span>
                  <p />
            </div>
      </div>
</div>,
  ],
  "options": Object {},
  "renderer": ReactShallowRenderer {
    "_instance": ShallowComponentWrapper {
      "_calledComponentWillUnmount": false,
      "_compositeType": 2,
      "_context": Object {},
      "_currentElement": <Unknown />,
      "_debugID": 1,
      "_hostContainerInfo": null,
      "_hostParent": null,
      "_instance": StatelessComponent {
        "_reactInternalInstance": [Circular],
        "context": Object {},
        "props": Object {},
        "refs": Object {},
        "state": null,
        "updater": Object {
          "enqueueCallback": [Function],
          "enqueueCallbackInternal": [Function],
          "enqueueElementInternal": [Function],
          "enqueueForceUpdate": [Function],
          "enqueueReplaceState": [Function],
          "enqueueSetState": [Function],
          "isMounted": [Function],
          "validateCallback": [Function],
        },
      },
      "_mountOrder": 1,
      "_pendingCallbacks": null,
      "_pendingElement": null,
      "_pendingForceUpdate": false,
      "_pendingReplaceState": false,
      "_pendingStateQueue": null,
      "_renderedComponent": NoopInternalComponent {
        "_currentElement": <div
          className="col s12 m6 l4">
          <div
                    className="card">
                    <div
                              className="card-image waves-effect waves-block waves-light"
                              style={
                                        Object {
                                                  "alignItems": "center",
                                                  "justifyContent": "center",
                                                }
                              }>
                              <img
                                        className="activator"
                                        src={undefined}
                                        style={
                                                  Object {
                                                            "flex": 1,
                                                            "height": 300,
                                                            "width": null,
                                                          }
                                        } />
                    </div>
                    <div
                              className="card-content">
                              <span
                                        className="card-title activator grey-text text-darken-4">
                                        <i
                                                  className="material-icons right">
                                                  more_vert
                                        </i>
                              </span>
                              <p>
                                        <a
                                                  href={undefined}
                                                  target="_blank" />
                              </p>
                    </div>
                    <div
                              className="card-reveal">
                              <span
                                        className="card-title grey-text text-darken-4">
                                        Bio
                                        <i
                                                  className="material-icons right">
                                                  close
                                        </i>
                              </span>
                              <p />
                    </div>
          </div>
</div>,
        "_debugID": 2,
        "_renderedOutput": <div
          className="col s12 m6 l4">
          <div
                    className="card">
                    <div
                              className="card-image waves-effect waves-block waves-light"
                              style={
                                        Object {
                                                  "alignItems": "center",
                                                  "justifyContent": "center",
                                                }
                              }>
                              <img
                                        className="activator"
                                        src={undefined}
                                        style={
                                                  Object {
                                                            "flex": 1,
                                                            "height": 300,
                                                            "width": null,
                                                          }
                                        } />
                    </div>
                    <div
                              className="card-content">
                              <span
                                        className="card-title activator grey-text text-darken-4">
                                        <i
                                                  className="material-icons right">
                                                  more_vert
                                        </i>
                              </span>
                              <p>
                                        <a
                                                  href={undefined}
                                                  target="_blank" />
                              </p>
                    </div>
                    <div
                              className="card-reveal">
                              <span
                                        className="card-title grey-text text-darken-4">
                                        Bio
                                        <i
                                                  className="material-icons right">
                                                  close
                                        </i>
                              </span>
                              <p />
                    </div>
          </div>
</div>,
      },
      "_renderedNodeType": 0,
      "_rootNodeID": 0,
      "_topLevelWrapper": null,
      "_updateBatchNumber": null,
      "_warnedAboutRefsInRender": false,
    },
    "getRenderOutput": [Function],
    "render": [Function],
  },
  "root": [Circular],
  "unrendered": <Unknown />,
}
`;
