exports[`Input Welcome renders its child components 1`] = `
ShallowWrapper {
  "complexSelector": ComplexSelector {
    "buildPredicate": [Function],
    "childrenOfNode": [Function],
    "findWhereUnwrapped": [Function],
  },
  "length": 1,
  "node": <div>
    <input
        onChange={[Function]}
        type="text"
        value={undefined} />
</div>,
  "nodes": Array [
    <div>
      <input
            onChange={[Function]}
            type="text"
            value={undefined} />
</div>,
  ],
  "options": Object {},
  "renderer": ReactShallowRenderer {
    "_instance": ShallowComponentWrapper {
      "_calledComponentWillUnmount": false,
      "_compositeType": 2,
      "_context": Object {},
      "_currentElement": <Unknown />,
      "_debugID": 1,
      "_hostContainerInfo": null,
      "_hostParent": null,
      "_instance": StatelessComponent {
        "_reactInternalInstance": [Circular],
        "context": Object {},
        "props": Object {},
        "refs": Object {},
        "state": null,
        "updater": Object {
          "enqueueCallback": [Function],
          "enqueueCallbackInternal": [Function],
          "enqueueElementInternal": [Function],
          "enqueueForceUpdate": [Function],
          "enqueueReplaceState": [Function],
          "enqueueSetState": [Function],
          "isMounted": [Function],
          "validateCallback": [Function],
        },
      },
      "_mountOrder": 1,
      "_pendingCallbacks": null,
      "_pendingElement": null,
      "_pendingForceUpdate": false,
      "_pendingReplaceState": false,
      "_pendingStateQueue": null,
      "_renderedComponent": NoopInternalComponent {
        "_currentElement": <div>
          <input
                    onChange={[Function]}
                    type="text"
                    value={undefined} />
</div>,
        "_debugID": 2,
        "_renderedOutput": <div>
          <input
                    onChange={[Function]}
                    type="text"
                    value={undefined} />
</div>,
      },
      "_renderedNodeType": 0,
      "_rootNodeID": 0,
      "_topLevelWrapper": null,
      "_updateBatchNumber": null,
      "_warnedAboutRefsInRender": false,
    },
    "getRenderOutput": [Function],
    "render": [Function],
  },
  "root": [Circular],
  "unrendered": <Unknown />,
}
`;
