exports[`Tabs Welcome renders its child components 1`] = `
ShallowWrapper {
  "complexSelector": ComplexSelector {
    "buildPredicate": [Function],
    "childrenOfNode": [Function],
    "findWhereUnwrapped": [Function],
  },
  "length": 1,
  "node": <div
    className="row">
    <div
        className="col s12">
        <ul
            className="tabs">
            <li
                className="tab col s2">
                <a
                    className="active"
                    href="#hot"
                    onClick={[Function]}>
                    All
                </a>
            </li>
            <li
                className="tab col s2">
                <a
                    href="#New"
                    onClick={[Function]}>
                    DSI
                </a>
            </li>
            <li
                className="tab col s2">
                <a
                    href="#Rising"
                    onClick={[Function]}>
                    WDI
                </a>
            </li>
        </ul>
    </div>
</div>,
  "nodes": Array [
    <div
      className="row">
      <div
            className="col s12">
            <ul
                  className="tabs">
                  <li
                        className="tab col s2">
                        <a
                              className="active"
                              href="#hot"
                              onClick={[Function]}>
                              All
                        </a>
                  </li>
                  <li
                        className="tab col s2">
                        <a
                              href="#New"
                              onClick={[Function]}>
                              DSI
                        </a>
                  </li>
                  <li
                        className="tab col s2">
                        <a
                              href="#Rising"
                              onClick={[Function]}>
                              WDI
                        </a>
                  </li>
            </ul>
      </div>
</div>,
  ],
  "options": Object {},
  "renderer": ReactShallowRenderer {
    "_instance": ShallowComponentWrapper {
      "_calledComponentWillUnmount": false,
      "_compositeType": 2,
      "_context": Object {},
      "_currentElement": <Unknown />,
      "_debugID": 1,
      "_hostContainerInfo": null,
      "_hostParent": null,
      "_instance": StatelessComponent {
        "_reactInternalInstance": [Circular],
        "context": Object {},
        "props": Object {},
        "refs": Object {},
        "state": null,
        "updater": Object {
          "enqueueCallback": [Function],
          "enqueueCallbackInternal": [Function],
          "enqueueElementInternal": [Function],
          "enqueueForceUpdate": [Function],
          "enqueueReplaceState": [Function],
          "enqueueSetState": [Function],
          "isMounted": [Function],
          "validateCallback": [Function],
        },
      },
      "_mountOrder": 1,
      "_pendingCallbacks": null,
      "_pendingElement": null,
      "_pendingForceUpdate": false,
      "_pendingReplaceState": false,
      "_pendingStateQueue": null,
      "_renderedComponent": NoopInternalComponent {
        "_currentElement": <div
          className="row">
          <div
                    className="col s12">
                    <ul
                              className="tabs">
                              <li
                                        className="tab col s2">
                                        <a
                                                  className="active"
                                                  href="#hot"
                                                  onClick={[Function]}>
                                                  All
                                        </a>
                              </li>
                              <li
                                        className="tab col s2">
                                        <a
                                                  href="#New"
                                                  onClick={[Function]}>
                                                  DSI
                                        </a>
                              </li>
                              <li
                                        className="tab col s2">
                                        <a
                                                  href="#Rising"
                                                  onClick={[Function]}>
                                                  WDI
                                        </a>
                              </li>
                    </ul>
          </div>
</div>,
        "_debugID": 2,
        "_renderedOutput": <div
          className="row">
          <div
                    className="col s12">
                    <ul
                              className="tabs">
                              <li
                                        className="tab col s2">
                                        <a
                                                  className="active"
                                                  href="#hot"
                                                  onClick={[Function]}>
                                                  All
                                        </a>
                              </li>
                              <li
                                        className="tab col s2">
                                        <a
                                                  href="#New"
                                                  onClick={[Function]}>
                                                  DSI
                                        </a>
                              </li>
                              <li
                                        className="tab col s2">
                                        <a
                                                  href="#Rising"
                                                  onClick={[Function]}>
                                                  WDI
                                        </a>
                              </li>
                    </ul>
          </div>
</div>,
      },
      "_renderedNodeType": 0,
      "_rootNodeID": 0,
      "_topLevelWrapper": null,
      "_updateBatchNumber": null,
      "_warnedAboutRefsInRender": false,
    },
    "getRenderOutput": [Function],
    "render": [Function],
  },
  "root": [Circular],
  "unrendered": <Unknown />,
}
`;
